Resolving dependencies...
Downloading packages...
  _flutterfire_internals 1.3.59 (1.3.77 available)
  async 2.13.0 (2.13.1 available)
  characters 1.4.0 (1.4.1 available)
  clock 1.1.2 (1.1.3 available)
  cloud_firestore 5.6.12 (6.10.0 available)
  cloud_firestore_platform_interface 6.6.12 (8.0.7 available)
  cloud_firestore_web 4.4.12 (5.7.3 available)
  connectivity_plus 6.1.5 (7.3.1 available)
  cross_file 0.3.5+2 (0.3.5+5 available)
  firebase_core 3.15.2 (4.15.0 available)
  firebase_core_platform_interface 6.0.3 (8.1.1 available)
  firebase_core_web 2.24.1 (3.12.0 available)
  flutter_local_notifications 17.2.4 (22.3.1 available)
  flutter_local_notifications_linux 4.0.1 (8.0.1 available)
  flutter_local_notifications_platform_interface 7.2.0 (12.2.0 available)
  flutter_timezone 3.0.1 (5.1.0 available)
  flutter_tts 3.8.5 (4.2.5 available)
  json_annotation 4.9.0 (4.12.0 available)
  leak_tracker 10.0.9 (11.0.2 available)
  leak_tracker_flutter_testing 3.0.9 (3.0.10 available)
  leak_tracker_testing 3.0.1 (3.0.2 available)
  matcher 0.12.17 (0.12.20 available)
  material_color_utilities 0.11.1 (0.13.1 available)
  meta 1.16.0 (1.19.0 available)
  path_provider 2.1.5 (2.1.6 available)
  path_provider_android 2.2.19 (2.3.1 available)
  path_provider_foundation 2.4.2 (2.6.0 available)
  path_provider_linux 2.2.1 (2.2.2 available)
  path_provider_platform_interface 2.1.2 (2.1.3 available)
  platform 3.1.6 (3.2.0 available)
  share_plus 10.1.4 (13.3.0 available)
  share_plus_platform_interface 5.0.2 (7.2.0 available)
  shared_preferences 2.5.3 (2.5.5 available)
  shared_preferences_android 2.4.13 (2.4.28 available)
  shared_preferences_foundation 2.5.4 (2.5.7 available)
  shared_preferences_platform_interface 2.4.1 (2.4.2 available)
  source_span 1.10.1 (1.10.2 available)
  speech_to_text 7.4.0 (7.5.0 available)
  stack_trace 1.12.1 (1.12.2 available)
  test_api 0.7.4 (0.7.14 available)
  timezone 0.9.4 (0.11.1 available)
  url_launcher_android 6.3.20 (6.3.33 available)
  url_launcher_ios 6.3.4 (6.4.2 available)
  url_launcher_linux 3.2.2 (3.2.3 available)
  url_launcher_macos 3.2.3 (3.2.6 available)
  url_launcher_web 2.4.1 (2.4.3 available)
  url_launcher_windows 3.1.5 (3.1.6 available)
  vector_math 2.1.4 (2.4.2 available)
  vm_service 15.0.0 (15.3.0 available)
  win32 5.15.0 (6.4.0 available)
  xml 6.6.1 (7.0.1 available)
Got dependencies!
51 packages have newer versions incompatible with dependency constraints.
Try `flutter pub outdated` for more information.
